[    1109ms] [INFO] %cDownload the React DevTools for a better development experience: https://react.dev/link/react-devtools font-weight:bold @ http://localhost:3000/_next/static/chunks/node_modules_next_dist_f3530cac._.js:2297
[    1216ms] [VERBOSE] [DOM] Input elements should have autocomplete attributes (suggested: "current-password"): (More info: https://goo.gl/9p2vKq) %o @ http://localhost:3000/login:0
[    1231ms] [LOG] [HMR] connected @ http://localhost:3000/_next/static/chunks/node_modules_next_dist_f3530cac._.js:2297
[    1274ms] Error: Hydration failed because the server rendered text didn't match the client. As a result this tree will be regenerated on the client. This can happen if a SSR-ed Client Component used:

- A server/client branch `if (typeof window !== 'undefined')`.
- Variable input such as `Date.now()` or `Math.random()` which changes each time it's called.
- Date formatting in a user's locale which doesn't match the server.
- External changing data without sending a snapshot of it along with the HTML.
- Invalid HTML tag nesting.

It can also happen if the client has a browser extension installed which messes with the HTML before React loaded.

https://react.dev/link/hydration-mismatch

  ...
    <RedirectBoundary>
      <RedirectErrorBoundary router={{...}}>
        <InnerLayoutRouter url="/login" tree={[...]} params={{}} cacheNode={{rsc:<Fragment>, ...}} segmentPath={[...]} ...>
          <SegmentViewNode type="page" pagePath="login/page...">
            <SegmentTrieNode>
            <ClientPageRoot Component={function LoginPage} serverProvidedParams={{...}}>
              <LoginPage params={Promise} searchParams={Promise}>
                <main className="min-h-scre..." style={{...}}>
                  <div>
                  <motion.div initial={{opacity:0,y:30, ...}} animate={{opacity:1,y:0,scale:1}} ...>
                    <div className="relative w..." style={{...}} ref={function useMotionRef.useCallback}>
                      <LoginForm onSubmit={function handleLogin} loading={false} serverError={null}>
                        <form onSubmit={function handleSubmit} className="flex flex-..." data-testid="login-form">
                          <div>
                          <div className="flex flex-...">
                            <label>
                            <input
                              id="email"
                              type="text"
                              inputMode="email"
                              autoComplete="email"
                              value=""
                              onChange={function onChange}
                              placeholder="tu@email.com"
+                             disabled={false}
-                             disabled=""
                              className="w-full px-4 py-3 rounded-2xl outline-none disabled:opacity-50 transition-all"
                              style={{fontFamily:"var(--font...",fontSize:14,border:"2px solid ...",background:"#fff",color:"var(--om-t..."}}
                              onFocus={function onFocus}
                              onBlur={function onBlur}
                            >
                          <div className="flex flex-...">
                            <label>
                            <input
                              id="password"
                              type="password"
                              value=""
                              onChange={function onChange}
                              placeholder="••••••"
+                             disabled={false}
-                             disabled=""
                              className="w-full px-4 py-3 rounded-2xl outline-none disabled:opacity-50 transition-all"
                              style={{fontFamily:"var(--font...",fontSize:14,border:"2px solid ...",background:"#fff",color:"var(--om-t..."}}
                              onFocus={function onFocus}
                              onBlur={function onBlur}
                            >
                          <motion.button type="submit" disabled={false} whileHover={{scale:1.02}} whileTap={{scale:0.97}} ...>
                            <button
                              type="submit"
+                             disabled={false}
-                             disabled=""
                              className="w-full py-3 rounded-2xl font-semibold disabled:opacity-50 disabled:cursor-not..."
                              tabIndex={0}
                              style={{fontFamily:"var(--font...",fontSize:15,fontWeight:700,background:"linear-gra...",color:"#fff", ...}}
                              ref={function useMotionRef.useCallback}
                            >
+                             INGRESAR →
-                             Ingresando...
          ...
        ...

    at throwOnHydrationMismatch (http://localhost:3000/_next/static/chunks/node_modules_next_dist_compiled_react-dom_1e674e59._.js:3348:56)
    at prepareToHydrateHostInstance (http://localhost:3000/_next/static/chunks/node_modules_next_dist_compiled_react-dom_1e674e59._.js:3402:23)
    at completeWork (http://localhost:3000/_next/static/chunks/node_modules_next_dist_compiled_react-dom_1e674e59._.js:6934:60)
    at runWithFiberInDEV (http://localhost:3000/_next/static/chunks/node_modules_next_dist_compiled_react-dom_1e674e59._.js:965:74)
    at completeUnitOfWork (http://localhost:3000/_next/static/chunks/node_modules_next_dist_compiled_react-dom_1e674e59._.js:9627:23)
    at performUnitOfWork (http://localhost:3000/_next/static/chunks/node_modules_next_dist_compiled_react-dom_1e674e59._.js:9564:28)
    at workLoopConcurrentByScheduler (http://localhost:3000/_next/static/chunks/node_modules_next_dist_compiled_react-dom_1e674e59._.js:9558:58)
    at renderRootConcurrent (http://localhost:3000/_next/static/chunks/node_modules_next_dist_compiled_react-dom_1e674e59._.js:9541:71)
    at performWorkOnRoot (http://localhost:3000/_next/static/chunks/node_modules_next_dist_compiled_react-dom_1e674e59._.js:9068:150)
    at performWorkOnRootViaSchedulerTask (http://localhost:3000/_next/static/chunks/node_modules_next_dist_compiled_react-dom_1e674e59._.js:10230:9)
    at MessagePort.performWorkUntilDeadline (http://localhost:3000/_next/static/chunks/node_modules_next_dist_compiled_a0e4c7b4._.js:2647:64)
[    1383ms] [VERBOSE] [DOM] Input elements should have autocomplete attributes (suggested: "current-password"): (More info: https://goo.gl/9p2vKq) %o @ http://localhost:3000/login:0
[   86850ms] [LOG] [Fast Refresh] rebuilding @ http://localhost:3000/_next/static/chunks/node_modules_next_dist_f3530cac._.js:2297
[   86852ms] [LOG] [Fast Refresh] done in 104ms @ http://localhost:3000/_next/static/chunks/node_modules_next_dist_f3530cac._.js:2297
[  103465ms] [LOG] [Fast Refresh] rebuilding @ http://localhost:3000/_next/static/chunks/node_modules_next_dist_f3530cac._.js:2297
[  103465ms] [LOG] [Fast Refresh] done in 109ms @ http://localhost:3000/_next/static/chunks/node_modules_next_dist_f3530cac._.js:2297
[  109731ms] [LOG] [Fast Refresh] rebuilding @ http://localhost:3000/_next/static/chunks/node_modules_next_dist_f3530cac._.js:2297
[  109865ms] [VERBOSE] [DOM] Input elements should have autocomplete attributes (suggested: "current-password"): (More info: https://goo.gl/9p2vKq) %o @ http://localhost:3000/login:0
[  109949ms] [LOG] [Fast Refresh] done in 295ms @ http://localhost:3000/_next/static/chunks/node_modules_next_dist_f3530cac._.js:2297
[  112947ms] [LOG] [Fast Refresh] rebuilding @ http://localhost:3000/_next/static/chunks/node_modules_next_dist_f3530cac._.js:2297
[  113166ms] [LOG] [Fast Refresh] done in 296ms @ http://localhost:3000/_next/static/chunks/node_modules_next_dist_f3530cac._.js:2297
[  119679ms] [LOG] [Fast Refresh] rebuilding @ http://localhost:3000/_next/static/chunks/node_modules_next_dist_f3530cac._.js:2297
[  119880ms] [LOG] [Fast Refresh] done in 294ms @ http://localhost:3000/_next/static/chunks/node_modules_next_dist_f3530cac._.js:2297
[  158282ms] [LOG] [Fast Refresh] rebuilding @ http://localhost:3000/_next/static/chunks/node_modules_next_dist_f3530cac._.js:2297
[  158487ms] [LOG] [Fast Refresh] done in 282ms @ http://localhost:3000/_next/static/chunks/node_modules_next_dist_f3530cac._.js:2297
